{
  "data": {
    "users": [
      {
        "id": "aaaaaaaa-aaaa-aaaa-aaaa-aaaaaaaaaaaa",
        "email": "test123@shouldwork.com",
        "role": {
          "id": "cccccccc-cccc-cccc-cccc-cccccccccccc",
          "name": "Mo"
        }
      },
      {
        "id": "bbbbbbbb-bbbb-bbbb-bbbb-bbbbbbbbbbbb",
        "email": "test321@shouldwork.com",
        "role": {
          "id": "dddddddd-dddd-dddd-dddd-dddddddddddd",
          "name": "Works"
        }
      }
    ]
  }
}
